0 verbose cli /usr/local/bin/node /usr/local/lib/node_modules/npm/bin/npm-cli.js
1 info using npm@11.6.2
2 info using node@v24.12.0
3 silly config load:file:/usr/local/lib/node_modules/npm/npmrc
4 silly config load:file:/Users/li/voting_management_system/.npmrc
5 silly config load:file:/Users/li/.npmrc
6 silly config load:file:/usr/local/etc/npmrc
7 verbose title npm exec react-native@0.74.5 init vbabharat --version 0.74.5 --directory mobile/temp_android --skip-install --skip-git-init
8 verbose argv "exec" "--" "react-native@0.74.5" "init" "vbabharat" "--version" "0.74.5" "--directory" "mobile/temp_android" "--skip-install" "--skip-git-init"
9 verbose logfile logs-max:10 dir:/Users/li/voting_management_system/mobile/.npm-cache/_logs/2026-06-08T19_28_25_009Z-
10 verbose logfile /Users/li/voting_management_system/mobile/.npm-cache/_logs/2026-06-08T19_28_25_009Z-debug-0.log
11 silly logfile start cleaning logs, removing 1 files
12 silly packumentCache heap:4496293888 maxSize:1124073472 maxEntrySize:562036736
13 silly logfile done cleaning log files
14 http fetch GET 200 https://registry.npmjs.org/react-native 727ms (cache revalidated)
15 silly packumentCache heap:4496293888 maxSize:1124073472 maxEntrySize:562036736
16 silly packumentCache heap:4496293888 maxSize:1124073472 maxEntrySize:562036736
17 verbose cwd /Users/li/voting_management_system
18 verbose os Darwin 25.5.0
19 verbose node v24.12.0
20 verbose npm  v11.6.2
21 verbose exit 0
22 info ok
